created graph g1
added node n1 to g1
added node n2 to g1
added node n3 to g1