loaded graph letters
path from yellow to a:
no path found