# Should go through edge 'vowel' instead of edge 'xoxo'

loaded graph letters
path from a to g:
a to y via vowel
y to g via consonant