loaded graph letters
path from a to a:
total cost: 0.000