created graph g1
added node n1 to g1
added node n2 to g1
added edge COOLEDGE from n1 to n2 in g1